EN sdram NULL /home/student2/slogozzo/COE758/Project1/COE758-Project1/ipcore_dir/sdram.vhd sub00/vhpl10 1698242752
EN tagcomparedirectmapping NULL /home/student2/slogozzo/COE758/Project1/COE758-Project1/TagCompareDirectMapping.vhd sub00/vhpl00 1698248677
AR sdram sdram_a /home/student2/slogozzo/COE758/Project1/COE758-Project1/ipcore_dir/sdram.vhd sub00/vhpl11 1698242753
EN cachecontrollerfsm NULL /home/student2/slogozzo/COE758/Project1/COE758-Project1/CacheControllerFSM.vhd sub00/vhpl01 1698248681
AR main behavioral /home/student2/slogozzo/COE758/Project1/COE758-Project1/main.vhd sub00/vhpl21 1698248694
AR ila ila_a /home/student2/slogozzo/COE758/Project1/COE758-Project1/ipcore_dir/ila.vhd sub00/vhpl09 1698248690
EN cachecontroller NULL /home/student2/slogozzo/COE758/Project1/COE758-Project1/CacheController.vhd sub00/vhpl16 1697758659
AR icon icon_a /home/student2/slogozzo/COE758/Project1/COE758-Project1/ipcore_dir/icon.vhd sub00/vhpl07 1698248688
EN sdramcontroller NULL /home/student2/slogozzo/COE758/Project1/COE758-Project1/SDRAMController.vhd sub00/vhpl04 1698248685
AR tagcomparedirectmapping behavioral /home/student2/slogozzo/COE758/Project1/COE758-Project1/TagCompareDirectMapping.vhd sub00/vhpl02 1698248678
EN icon NULL /home/student2/slogozzo/COE758/Project1/COE758-Project1/ipcore_dir/icon.vhd sub00/vhpl06 1698248687
EN cpu_gen NULL /home/student2/slogozzo/COE758/Project1/COE758-Project1/CPU_gen.vhd sub00/vhpl14 1698248679
EN sram NULL /home/student2/slogozzo/COE758/Project1/COE758-Project1/ipcore_dir/sram.vhd sub00/vhpl12 1698248683
AR sram sram_a /home/student2/slogozzo/COE758/Project1/COE758-Project1/ipcore_dir/sram.vhd sub00/vhpl13 1698248684
EN main NULL /home/student2/slogozzo/COE758/Project1/COE758-Project1/main.vhd sub00/vhpl20 1698248693
AR cachecontroller behavioral /home/student2/slogozzo/COE758/Project1/COE758-Project1/CacheController.vhd sub00/vhpl17 1697758660
AR cpu_gen behavioral /home/student2/slogozzo/COE758/Project1/COE758-Project1/CPU_gen.vhd sub00/vhpl15 1698248680
EN vio NULL /home/student2/slogozzo/COE758/Project1/COE758-Project1/ipcore_dir/vio.vhd sub00/vhpl18 1698248691
AR sdramcontroller behavioral /home/student2/slogozzo/COE758/Project1/COE758-Project1/SDRAMController.vhd sub00/vhpl05 1698248686
AR vio vio_a /home/student2/slogozzo/COE758/Project1/COE758-Project1/ipcore_dir/vio.vhd sub00/vhpl19 1698248692
AR cachecontrollerfsm behavioral /home/student2/slogozzo/COE758/Project1/COE758-Project1/CacheControllerFSM.vhd sub00/vhpl03 1698248682
EN ila NULL /home/student2/slogozzo/COE758/Project1/COE758-Project1/ipcore_dir/ila.vhd sub00/vhpl08 1698248689
