EN sdram NULL /home/student2/slogozzo/COE758/Project1/COE758-Project1/ipcore_dir/sdram.vhd sub00/vhpl10 1697758989
EN tagcomparedirectmapping NULL /home/student2/slogozzo/COE758/Project1/COE758-Project1/TagCompareDirectMapping.vhd sub00/vhpl00 1697758991
AR sdram sdram_a /home/student2/slogozzo/COE758/Project1/COE758-Project1/ipcore_dir/sdram.vhd sub00/vhpl11 1697758990
EN cachecontrollerfsm NULL /home/student2/slogozzo/COE758/Project1/COE758-Project1/CacheControllerFSM.vhd sub00/vhpl01 1697758997
AR main behavioral /home/student2/slogozzo/COE758/Project1/COE758-Project1/main.vhd sub00/vhpl21 1697759008
AR ila ila_a /home/student2/slogozzo/COE758/Project1/COE758-Project1/ipcore_dir/ila.vhd sub00/vhpl09 1697759004
EN cachecontroller NULL /home/student2/slogozzo/COE758/Project1/COE758-Project1/CacheController.vhd sub00/vhpl16 1697758659
AR icon icon_a /home/student2/slogozzo/COE758/Project1/COE758-Project1/ipcore_dir/icon.vhd sub00/vhpl07 1697759002
EN sdramcontroller NULL /home/student2/slogozzo/COE758/Project1/COE758-Project1/SDRAMController.vhd sub00/vhpl04 1697758999
AR tagcomparedirectmapping behavioral /home/student2/slogozzo/COE758/Project1/COE758-Project1/TagCompareDirectMapping.vhd sub00/vhpl02 1697758992
EN icon NULL /home/student2/slogozzo/COE758/Project1/COE758-Project1/ipcore_dir/icon.vhd sub00/vhpl06 1697759001
EN cpu_gen NULL /home/student2/slogozzo/COE758/Project1/COE758-Project1/CPU_gen.vhd sub00/vhpl14 1697758995
EN sram NULL /home/student2/slogozzo/COE758/Project1/COE758-Project1/ipcore_dir/sram.vhd sub00/vhpl12 1697758993
AR sram sram_a /home/student2/slogozzo/COE758/Project1/COE758-Project1/ipcore_dir/sram.vhd sub00/vhpl13 1697758994
EN main NULL /home/student2/slogozzo/COE758/Project1/COE758-Project1/main.vhd sub00/vhpl20 1697759007
AR cachecontroller behavioral /home/student2/slogozzo/COE758/Project1/COE758-Project1/CacheController.vhd sub00/vhpl17 1697758660
AR cpu_gen behavioral /home/student2/slogozzo/COE758/Project1/COE758-Project1/CPU_gen.vhd sub00/vhpl15 1697758996
EN vio NULL /home/student2/slogozzo/COE758/Project1/COE758-Project1/ipcore_dir/vio.vhd sub00/vhpl18 1697759005
AR sdramcontroller behavioral /home/student2/slogozzo/COE758/Project1/COE758-Project1/SDRAMController.vhd sub00/vhpl05 1697759000
AR vio vio_a /home/student2/slogozzo/COE758/Project1/COE758-Project1/ipcore_dir/vio.vhd sub00/vhpl19 1697759006
AR cachecontrollerfsm behavioral /home/student2/slogozzo/COE758/Project1/COE758-Project1/CacheControllerFSM.vhd sub00/vhpl03 1697758998
EN ila NULL /home/student2/slogozzo/COE758/Project1/COE758-Project1/ipcore_dir/ila.vhd sub00/vhpl08 1697759003
